// Jest Snapshot v1, https://goo.gl/fbAQLP

exports[`renders an home component into the Content as snapshot 1`] = `
<div
  className="content"
>
  asdasd
</div>
`;
