// Jest Snapshot v1, https://goo.gl/fbAQLP

exports[`renders an home component into the Panel as snapshot 1`] = `
<div
  className="panel border-panel"
>
  <ClipList />
</div>
`;
